The target system is: Android - 1 - armv7-a
The host system is: Darwin - 25.3.0 - arm64
Compiling the C compiler identification source file "CMakeCCompilerId.c" succeeded.
Compiler: /Applications/Unity/Hub/Editor/2020.3.3f1/6000.5.3f1/PlaybackEngines/AndroidPlayer/NDK/toolchains/llvm/prebuilt/darwin-x86_64/bin/clang 
Build flags: -g;-DANDROID;-fdata-sections;-ffunction-sections;-funwind-tables;-fstack-protector-strong;-no-canonical-prefixes;-D__BIONIC_NO_PAGE_SIZE_MACRO;-D_FORTIFY_SOURCE=2;-march=armv7-a;-mthumb;-Wformat;-Werror=format-security;
Id flags: -c;--target=armv7-none-linux-androideabi26 

The output was:
0


Compilation of the C compiler identification source "CMakeCCompilerId.c" produced "CMakeCCompilerId.o"

The C compiler identification is Clang, found in "/Users/shiny/Documents/GitHub/unity-excavator/DroneRemoteController/.utmp/RelWithDebInfo/43b606j2/armeabi-v7a/CMakeFiles/3.22.1-g37088a8/CompilerIdC/CMakeCCompilerId.o"

Compiling the CXX compiler identification source file "CMakeCXXCompilerId.cpp" succeeded.
Compiler: /Applications/Unity/Hub/Editor/2020.3.3f1/6000.5.3f1/PlaybackEngines/AndroidPlayer/NDK/toolchains/llvm/prebuilt/darwin-x86_64/bin/clang++ 
Build flags: -g;-DANDROID;-fdata-sections;-ffunction-sections;-funwind-tables;-fstack-protector-strong;-no-canonical-prefixes;-D__BIONIC_NO_PAGE_SIZE_MACRO;-D_FORTIFY_SOURCE=2;-march=armv7-a;-mthumb;-Wformat;-Werror=format-security;;
Id flags: -c;--target=armv7-none-linux-androideabi26 

The output was:
0


Compilation of the CXX compiler identification source "CMakeCXXCompilerId.cpp" produced "CMakeCXXCompilerId.o"

The CXX compiler identification is Clang, found in "/Users/shiny/Documents/GitHub/unity-excavator/DroneRemoteController/.utmp/RelWithDebInfo/43b606j2/armeabi-v7a/CMakeFiles/3.22.1-g37088a8/CompilerIdCXX/CMakeCXXCompilerId.o"

Detecting C compiler ABI info compiled with the following output:
Change Dir: /Users/shiny/Documents/GitHub/unity-excavator/DroneRemoteController/.utmp/RelWithDebInfo/43b606j2/armeabi-v7a/CMakeFiles/CMakeTmp

Run Build Command(s):/Applications/Unity/Hub/Editor/2020.3.3f1/6000.5.3f1/PlaybackEngines/AndroidPlayer/SDK/cmake/3.22.1/bin/ninja cmTC_af937 && [1/2] Building C object CMakeFiles/cmTC_af937.dir/CMakeCCompilerABI.c.o
Android (12470979, +pgo, -bolt, +lto, -mlgo, based on r522817c) clang version 18.0.3 (https://android.googlesource.com/toolchain/llvm-project d8003a456d14a3deb8054cdaa529ffbf02d9b262)
Target: armv7-none-linux-android26
Thread model: posix
InstalledDir: /Applications/Unity/Hub/Editor/2020.3.3f1/6000.5.3f1/PlaybackEngines/AndroidPlayer/NDK/toolchains/llvm/prebuilt/darwin-x86_64/bin
 (in-process)
 "/Applications/Unity/Hub/Editor/2020.3.3f1/6000.5.3f1/PlaybackEngines/AndroidPlayer/NDK/toolchains/llvm/prebuilt/darwin-x86_64/bin/clang" -cc1 -triple thumbv7-none-linux-android26 -emit-obj -mrelax-all -disable-free -clear-ast-before-backend -disable-llvm-verifier -discard-value-names -main-file-name CMakeCCompilerABI.c -mrelocation-model pic -pic-level 2 -pic-is-pie -mframe-pointer=all -ffp-contract=on -fno-rounding-math -mconstructor-aliases -funwind-tables=1 -target-cpu generic -target-feature +soft-float-abi -target-feature +vfp2 -target-feature +vfp2sp -target-feature +vfp3 -target-feature +vfp3d16 -target-feature +vfp3d16sp -target-feature +vfp3sp -target-feature -fp16 -target-feature -vfp4 -target-feature -vfp4d16 -target-feature -vfp4d16sp -target-feature -vfp4sp -target-feature -fp-armv8 -target-feature -fp-armv8d16 -target-feature -fp-armv8d16sp -target-feature -fp-armv8sp -target-feature -fullfp16 -target-feature +fp64 -target-feature +d32 -target-feature +neon -target-feature -sha2 -target-feature -aes -target-feature -fp16fml -target-abi aapcs-linux -mfloat-abi soft -debug-info-kind=constructor -dwarf-version=4 -debugger-tuning=gdb -fdebug-compilation-dir=/Users/shiny/Documents/GitHub/unity-excavator/DroneRemoteController/.utmp/RelWithDebInfo/43b606j2/armeabi-v7a/CMakeFiles/CMakeTmp -v -ffunction-sections -fdata-sections -fcoverage-compilation-dir=/Users/shiny/Documents/GitHub/unity-excavator/DroneRemoteController/.utmp/RelWithDebInfo/43b606j2/armeabi-v7a/CMakeFiles/CMakeTmp -resource-dir /Applications/Unity/Hub/Editor/2020.3.3f1/6000.5.3f1/PlaybackEngines/AndroidPlayer/NDK/toolchains/llvm/prebuilt/darwin-x86_64/lib/clang/18 -dependency-file CMakeFiles/cmTC_af937.dir/CMakeCCompilerABI.c.o.d -MT CMakeFiles/cmTC_af937.dir/CMakeCCompilerABI.c.o -sys-header-deps -D ANDROID -D __BIONIC_NO_PAGE_SIZE_MACRO -D _FORTIFY_SOURCE=2 -isysroot /Applications/Unity/Hub/Editor/2020.3.3f1/6000.5.3f1/PlaybackEngines/AndroidPlayer/NDK/toolchains/llvm/prebuilt/darwin-x86_64/sysroot -internal-isystem /Applications/Unity/Hub/Editor/2020.3.3f1/6000.5.3f1/PlaybackEngines/AndroidPlayer/NDK/toolchains/llvm/prebuilt/darwin-x86_64/lib/clang/18/include -internal-isystem /Applications/Unity/Hub/Editor/2020.3.3f1/6000.5.3f1/PlaybackEngines/AndroidPlayer/NDK/toolchains/llvm/prebuilt/darwin-x86_64/sysroot/usr/local/include -internal-externc-isystem /Applications/Unity/Hub/Editor/2020.3.3f1/6000.5.3f1/PlaybackEngines/AndroidPlayer/NDK/toolchains/llvm/prebuilt/darwin-x86_64/sysroot/usr/include/arm-linux-androideabi -internal-externc-isystem /Applications/Unity/Hub/Editor/2020.3.3f1/6000.5.3f1/PlaybackEngines/AndroidPlayer/NDK/toolchains/llvm/prebuilt/darwin-x86_64/sysroot/include -internal-externc-isystem /Applications/Unity/Hub/Editor/2020.3.3f1/6000.5.3f1/PlaybackEngines/AndroidPlayer/NDK/toolchains/llvm/prebuilt/darwin-x86_64/sysroot/usr/include -Wformat -ferror-limit 19 -femulated-tls -stack-protector 2 -fno-signed-char -fgnuc-version=4.2.1 -D__GCC_HAVE_DWARF2_CFI_ASM=1 -o CMakeFiles/cmTC_af937.dir/CMakeCCompilerABI.c.o -x c /Applications/Unity/Hub/Editor/2020.3.3f1/6000.5.3f1/PlaybackEngines/AndroidPlayer/SDK/cmake/3.22.1/share/cmake-3.22/Modules/CMakeCCompilerABI.c
clang -cc1 version 18.0.3 based upon LLVM 18.0.3 default target x86_64-apple-darwin25.3.0
ignoring nonexistent directory "/Applications/Unity/Hub/Editor/2020.3.3f1/6000.5.3f1/PlaybackEngines/AndroidPlayer/NDK/toolchains/llvm/prebuilt/darwin-x86_64/sysroot/usr/local/include"
ignoring nonexistent directory "/Applications/Unity/Hub/Editor/2020.3.3f1/6000.5.3f1/PlaybackEngines/AndroidPlayer/NDK/toolchains/llvm/prebuilt/darwin-x86_64/sysroot/include"
#include "..." search starts here:
#include <...> search starts here:
 /Applications/Unity/Hub/Editor/2020.3.3f1/6000.5.3f1/PlaybackEngines/AndroidPlayer/NDK/toolchains/llvm/prebuilt/darwin-x86_64/lib/clang/18/include
 /Applications/Unity/Hub/Editor/2020.3.3f1/6000.5.3f1/PlaybackEngines/AndroidPlayer/NDK/toolchains/llvm/prebuilt/darwin-x86_64/sysroot/usr/include/arm-linux-androideabi
 /Applications/Unity/Hub/Editor/2020.3.3f1/6000.5.3f1/PlaybackEngines/AndroidPlayer/NDK/toolchains/llvm/prebuilt/darwin-x86_64/sysroot/usr/include
End of search list.
[2/2] Linking C executable cmTC_af937
Android (12470979, +pgo, -bolt, +lto, -mlgo, based on r522817c) clang version 18.0.3 (https://android.googlesource.com/toolchain/llvm-project d8003a456d14a3deb8054cdaa529ffbf02d9b262)
Target: armv7-none-linux-android26
Thread model: posix
InstalledDir: /Applications/Unity/Hub/Editor/2020.3.3f1/6000.5.3f1/PlaybackEngines/AndroidPlayer/NDK/toolchains/llvm/prebuilt/darwin-x86_64/bin
 "/Applications/Unity/Hub/Editor/2020.3.3f1/6000.5.3f1/PlaybackEngines/AndroidPlayer/NDK/toolchains/llvm/prebuilt/darwin-x86_64/bin/ld.lld" --sysroot=/Applications/Unity/Hub/Editor/2020.3.3f1/6000.5.3f1/PlaybackEngines/AndroidPlayer/NDK/toolchains/llvm/prebuilt/darwin-x86_64/sysroot -EL -z now -z relro -z max-page-size=4096 -X --hash-style=gnu --eh-frame-hdr -m armelf_linux_eabi -pie -dynamic-linker /system/bin/linker -o cmTC_af937 /Applications/Unity/Hub/Editor/2020.3.3f1/6000.5.3f1/PlaybackEngines/AndroidPlayer/NDK/toolchains/llvm/prebuilt/darwin-x86_64/sysroot/usr/lib/arm-linux-androideabi/26/crtbegin_dynamic.o -L/Applications/Unity/Hub/Editor/2020.3.3f1/6000.5.3f1/PlaybackEngines/AndroidPlayer/NDK/toolchains/llvm/prebuilt/darwin-x86_64/lib/clang/18/lib/linux/arm -L/Applications/Unity/Hub/Editor/2020.3.3f1/6000.5.3f1/PlaybackEngines/AndroidPlayer/NDK/toolchains/llvm/prebuilt/darwin-x86_64/sysroot/usr/lib/arm-linux-androideabi/26 -L/Applications/Unity/Hub/Editor/2020.3.3f1/6000.5.3f1/PlaybackEngines/AndroidPlayer/NDK/toolchains/llvm/prebuilt/darwin-x86_64/sysroot/usr/lib/arm-linux-androideabi -L/Applications/Unity/Hub/Editor/2020.3.3f1/6000.5.3f1/PlaybackEngines/AndroidPlayer/NDK/toolchains/llvm/prebuilt/darwin-x86_64/sysroot/usr/lib/../lib -L/Applications/Unity/Hub/Editor/2020.3.3f1/6000.5.3f1/PlaybackEngines/AndroidPlayer/NDK/toolchains/llvm/prebuilt/darwin-x86_64/sysroot/usr/lib --build-id=sha1 --no-rosegment --no-undefined-version --fatal-warnings --no-undefined CMakeFiles/cmTC_af937.dir/CMakeCCompilerABI.c.o /Applications/Unity/Hub/Editor/2020.3.3f1/6000.5.3f1/PlaybackEngines/AndroidPlayer/NDK/toolchains/llvm/prebuilt/darwin-x86_64/lib/clang/18/lib/linux/libclang_rt.builtins-arm-android.a -l:libunwind.a -ldl -lc /Applications/Unity/Hub/Editor/2020.3.3f1/6000.5.3f1/PlaybackEngines/AndroidPlayer/NDK/toolchains/llvm/prebuilt/darwin-x86_64/lib/clang/18/lib/linux/libclang_rt.builtins-arm-android.a -l:libunwind.a -ldl /Applications/Unity/Hub/Editor/2020.3.3f1/6000.5.3f1/PlaybackEngines/AndroidPlayer/NDK/toolchains/llvm/prebuilt/darwin-x86_64/sysroot/usr/lib/arm-linux-androideabi/26/crtend_android.o



Parsed C implicit include dir info from above output: rv=done
  found start of include info
  found start of implicit include info
    add: [/Applications/Unity/Hub/Editor/2020.3.3f1/6000.5.3f1/PlaybackEngines/AndroidPlayer/NDK/toolchains/llvm/prebuilt/darwin-x86_64/lib/clang/18/include]
    add: [/Applications/Unity/Hub/Editor/2020.3.3f1/6000.5.3f1/PlaybackEngines/AndroidPlayer/NDK/toolchains/llvm/prebuilt/darwin-x86_64/sysroot/usr/include/arm-linux-androideabi]
    add: [/Applications/Unity/Hub/Editor/2020.3.3f1/6000.5.3f1/PlaybackEngines/AndroidPlayer/NDK/toolchains/llvm/prebuilt/darwin-x86_64/sysroot/usr/include]
  end of search list found
  collapse include dir [/Applications/Unity/Hub/Editor/2020.3.3f1/6000.5.3f1/PlaybackEngines/AndroidPlayer/NDK/toolchains/llvm/prebuilt/darwin-x86_64/lib/clang/18/include] ==> [/Applications/Unity/Hub/Editor/2020.3.3f1/6000.5.3f1/PlaybackEngines/AndroidPlayer/NDK/toolchains/llvm/prebuilt/darwin-x86_64/lib/clang/18/include]
  collapse include dir [/Applications/Unity/Hub/Editor/2020.3.3f1/6000.5.3f1/PlaybackEngines/AndroidPlayer/NDK/toolchains/llvm/prebuilt/darwin-x86_64/sysroot/usr/include/arm-linux-androideabi] ==> [/Applications/Unity/Hub/Editor/2020.3.3f1/6000.5.3f1/PlaybackEngines/AndroidPlayer/NDK/toolchains/llvm/prebuilt/darwin-x86_64/sysroot/usr/include/arm-linux-androideabi]
  collapse include dir [/Applications/Unity/Hub/Editor/2020.3.3f1/6000.5.3f1/PlaybackEngines/AndroidPlayer/NDK/toolchains/llvm/prebuilt/darwin-x86_64/sysroot/usr/include] ==> [/Applications/Unity/Hub/Editor/2020.3.3f1/6000.5.3f1/PlaybackEngines/AndroidPlayer/NDK/toolchains/llvm/prebuilt/darwin-x86_64/sysroot/usr/include]
  implicit include dirs: [/Applications/Unity/Hub/Editor/2020.3.3f1/6000.5.3f1/PlaybackEngines/AndroidPlayer/NDK/toolchains/llvm/prebuilt/darwin-x86_64/lib/clang/18/include;/Applications/Unity/Hub/Editor/2020.3.3f1/6000.5.3f1/PlaybackEngines/AndroidPlayer/NDK/toolchains/llvm/prebuilt/darwin-x86_64/sysroot/usr/include/arm-linux-androideabi;/Applications/Unity/Hub/Editor/2020.3.3f1/6000.5.3f1/PlaybackEngines/AndroidPlayer/NDK/toolchains/llvm/prebuilt/darwin-x86_64/sysroot/usr/include]


Parsed C implicit link information from above output:
  link line regex: [^( *|.*[/\])(ld\.lld|CMAKE_LINK_STARTFILE-NOTFOUND|([^/\]+-)?ld|collect2)[^/\]*( |$)]
  ignore line: [Change Dir: /Users/shiny/Documents/GitHub/unity-excavator/DroneRemoteController/.utmp/RelWithDebInfo/43b606j2/armeabi-v7a/CMakeFiles/CMakeTmp]
  ignore line: []
  ignore line: [Run Build Command(s):/Applications/Unity/Hub/Editor/2020.3.3f1/6000.5.3f1/PlaybackEngines/AndroidPlayer/SDK/cmake/3.22.1/bin/ninja cmTC_af937 && [1/2] Building C object CMakeFiles/cmTC_af937.dir/CMakeCCompilerABI.c.o]
  ignore line: [Android (12470979  +pgo  -bolt  +lto  -mlgo  based on r522817c) clang version 18.0.3 (https://android.googlesource.com/toolchain/llvm-project d8003a456d14a3deb8054cdaa529ffbf02d9b262)]
  ignore line: [Target: armv7-none-linux-android26]
  ignore line: [Thread model: posix]
  ignore line: [InstalledDir: /Applications/Unity/Hub/Editor/2020.3.3f1/6000.5.3f1/PlaybackEngines/AndroidPlayer/NDK/toolchains/llvm/prebuilt/darwin-x86_64/bin]
  ignore line: [ (in-process)]
  ignore line: [ "/Applications/Unity/Hub/Editor/2020.3.3f1/6000.5.3f1/PlaybackEngines/AndroidPlayer/NDK/toolchains/llvm/prebuilt/darwin-x86_64/bin/clang" -cc1 -triple thumbv7-none-linux-android26 -emit-obj -mrelax-all -disable-free -clear-ast-before-backend -disable-llvm-verifier -discard-value-names -main-file-name CMakeCCompilerABI.c -mrelocation-model pic -pic-level 2 -pic-is-pie -mframe-pointer=all -ffp-contract=on -fno-rounding-math -mconstructor-aliases -funwind-tables=1 -target-cpu generic -target-feature +soft-float-abi -target-feature +vfp2 -target-feature +vfp2sp -target-feature +vfp3 -target-feature +vfp3d16 -target-feature +vfp3d16sp -target-feature +vfp3sp -target-feature -fp16 -target-feature -vfp4 -target-feature -vfp4d16 -target-feature -vfp4d16sp -target-feature -vfp4sp -target-feature -fp-armv8 -target-feature -fp-armv8d16 -target-feature -fp-armv8d16sp -target-feature -fp-armv8sp -target-feature -fullfp16 -target-feature +fp64 -target-feature +d32 -target-feature +neon -target-feature -sha2 -target-feature -aes -target-feature -fp16fml -target-abi aapcs-linux -mfloat-abi soft -debug-info-kind=constructor -dwarf-version=4 -debugger-tuning=gdb -fdebug-compilation-dir=/Users/shiny/Documents/GitHub/unity-excavator/DroneRemoteController/.utmp/RelWithDebInfo/43b606j2/armeabi-v7a/CMakeFiles/CMakeTmp -v -ffunction-sections -fdata-sections -fcoverage-compilation-dir=/Users/shiny/Documents/GitHub/unity-excavator/DroneRemoteController/.utmp/RelWithDebInfo/43b606j2/armeabi-v7a/CMakeFiles/CMakeTmp -resource-dir /Applications/Unity/Hub/Editor/2020.3.3f1/6000.5.3f1/PlaybackEngines/AndroidPlayer/NDK/toolchains/llvm/prebuilt/darwin-x86_64/lib/clang/18 -dependency-file CMakeFiles/cmTC_af937.dir/CMakeCCompilerABI.c.o.d -MT CMakeFiles/cmTC_af937.dir/CMakeCCompilerABI.c.o -sys-header-deps -D ANDROID -D __BIONIC_NO_PAGE_SIZE_MACRO -D _FORTIFY_SOURCE=2 -isysroot /Applications/Unity/Hub/Editor/2020.3.3f1/6000.5.3f1/PlaybackEngines/AndroidPlayer/NDK/toolchains/llvm/prebuilt/darwin-x86_64/sysroot -internal-isystem /Applications/Unity/Hub/Editor/2020.3.3f1/6000.5.3f1/PlaybackEngines/AndroidPlayer/NDK/toolchains/llvm/prebuilt/darwin-x86_64/lib/clang/18/include -internal-isystem /Applications/Unity/Hub/Editor/2020.3.3f1/6000.5.3f1/PlaybackEngines/AndroidPlayer/NDK/toolchains/llvm/prebuilt/darwin-x86_64/sysroot/usr/local/include -internal-externc-isystem /Applications/Unity/Hub/Editor/2020.3.3f1/6000.5.3f1/PlaybackEngines/AndroidPlayer/NDK/toolchains/llvm/prebuilt/darwin-x86_64/sysroot/usr/include/arm-linux-androideabi -internal-externc-isystem /Applications/Unity/Hub/Editor/2020.3.3f1/6000.5.3f1/PlaybackEngines/AndroidPlayer/NDK/toolchains/llvm/prebuilt/darwin-x86_64/sysroot/include -internal-externc-isystem /Applications/Unity/Hub/Editor/2020.3.3f1/6000.5.3f1/PlaybackEngines/AndroidPlayer/NDK/toolchains/llvm/prebuilt/darwin-x86_64/sysroot/usr/include -Wformat -ferror-limit 19 -femulated-tls -stack-protector 2 -fno-signed-char -fgnuc-version=4.2.1 -D__GCC_HAVE_DWARF2_CFI_ASM=1 -o CMakeFiles/cmTC_af937.dir/CMakeCCompilerABI.c.o -x c /Applications/Unity/Hub/Editor/2020.3.3f1/6000.5.3f1/PlaybackEngines/AndroidPlayer/SDK/cmake/3.22.1/share/cmake-3.22/Modules/CMakeCCompilerABI.c]
  ignore line: [clang -cc1 version 18.0.3 based upon LLVM 18.0.3 default target x86_64-apple-darwin25.3.0]
  ignore line: [ignoring nonexistent directory "/Applications/Unity/Hub/Editor/2020.3.3f1/6000.5.3f1/PlaybackEngines/AndroidPlayer/NDK/toolchains/llvm/prebuilt/darwin-x86_64/sysroot/usr/local/include"]
  ignore line: [ignoring nonexistent directory "/Applications/Unity/Hub/Editor/2020.3.3f1/6000.5.3f1/PlaybackEngines/AndroidPlayer/NDK/toolchains/llvm/prebuilt/darwin-x86_64/sysroot/include"]
  ignore line: [#include "..." search starts here:]
  ignore line: [#include <...> search starts here:]
  ignore line: [ /Applications/Unity/Hub/Editor/2020.3.3f1/6000.5.3f1/PlaybackEngines/AndroidPlayer/NDK/toolchains/llvm/prebuilt/darwin-x86_64/lib/clang/18/include]
  ignore line: [ /Applications/Unity/Hub/Editor/2020.3.3f1/6000.5.3f1/PlaybackEngines/AndroidPlayer/NDK/toolchains/llvm/prebuilt/darwin-x86_64/sysroot/usr/include/arm-linux-androideabi]
  ignore line: [ /Applications/Unity/Hub/Editor/2020.3.3f1/6000.5.3f1/PlaybackEngines/AndroidPlayer/NDK/toolchains/llvm/prebuilt/darwin-x86_64/sysroot/usr/include]
  ignore line: [End of search list.]
  ignore line: [[2/2] Linking C executable cmTC_af937]
  ignore line: [Android (12470979  +pgo  -bolt  +lto  -mlgo  based on r522817c) clang version 18.0.3 (https://android.googlesource.com/toolchain/llvm-project d8003a456d14a3deb8054cdaa529ffbf02d9b262)]
  ignore line: [Target: armv7-none-linux-android26]
  ignore line: [Thread model: posix]
  ignore line: [InstalledDir: /Applications/Unity/Hub/Editor/2020.3.3f1/6000.5.3f1/PlaybackEngines/AndroidPlayer/NDK/toolchains/llvm/prebuilt/darwin-x86_64/bin]
  link line: [ "/Applications/Unity/Hub/Editor/2020.3.3f1/6000.5.3f1/PlaybackEngines/AndroidPlayer/NDK/toolchains/llvm/prebuilt/darwin-x86_64/bin/ld.lld" --sysroot=/Applications/Unity/Hub/Editor/2020.3.3f1/6000.5.3f1/PlaybackEngines/AndroidPlayer/NDK/toolchains/llvm/prebuilt/darwin-x86_64/sysroot -EL -z now -z relro -z max-page-size=4096 -X --hash-style=gnu --eh-frame-hdr -m armelf_linux_eabi -pie -dynamic-linker /system/bin/linker -o cmTC_af937 /Applications/Unity/Hub/Editor/2020.3.3f1/6000.5.3f1/PlaybackEngines/AndroidPlayer/NDK/toolchains/llvm/prebuilt/darwin-x86_64/sysroot/usr/lib/arm-linux-androideabi/26/crtbegin_dynamic.o -L/Applications/Unity/Hub/Editor/2020.3.3f1/6000.5.3f1/PlaybackEngines/AndroidPlayer/NDK/toolchains/llvm/prebuilt/darwin-x86_64/lib/clang/18/lib/linux/arm -L/Applications/Unity/Hub/Editor/2020.3.3f1/6000.5.3f1/PlaybackEngines/AndroidPlayer/NDK/toolchains/llvm/prebuilt/darwin-x86_64/sysroot/usr/lib/arm-linux-androideabi/26 -L/Applications/Unity/Hub/Editor/2020.3.3f1/6000.5.3f1/PlaybackEngines/AndroidPlayer/NDK/toolchains/llvm/prebuilt/darwin-x86_64/sysroot/usr/lib/arm-linux-androideabi -L/Applications/Unity/Hub/Editor/2020.3.3f1/6000.5.3f1/PlaybackEngines/AndroidPlayer/NDK/toolchains/llvm/prebuilt/darwin-x86_64/sysroot/usr/lib/../lib -L/Applications/Unity/Hub/Editor/2020.3.3f1/6000.5.3f1/PlaybackEngines/AndroidPlayer/NDK/toolchains/llvm/prebuilt/darwin-x86_64/sysroot/usr/lib --build-id=sha1 --no-rosegment --no-undefined-version --fatal-warnings --no-undefined CMakeFiles/cmTC_af937.dir/CMakeCCompilerABI.c.o /Applications/Unity/Hub/Editor/2020.3.3f1/6000.5.3f1/PlaybackEngines/AndroidPlayer/NDK/toolchains/llvm/prebuilt/darwin-x86_64/lib/clang/18/lib/linux/libclang_rt.builtins-arm-android.a -l:libunwind.a -ldl -lc /Applications/Unity/Hub/Editor/2020.3.3f1/6000.5.3f1/PlaybackEngines/AndroidPlayer/NDK/toolchains/llvm/prebuilt/darwin-x86_64/lib/clang/18/lib/linux/libclang_rt.builtins-arm-android.a -l:libunwind.a -ldl /Applications/Unity/Hub/Editor/2020.3.3f1/6000.5.3f1/PlaybackEngines/AndroidPlayer/NDK/toolchains/llvm/prebuilt/darwin-x86_64/sysroot/usr/lib/arm-linux-androideabi/26/crtend_android.o]
    arg [/Applications/Unity/Hub/Editor/2020.3.3f1/6000.5.3f1/PlaybackEngines/AndroidPlayer/NDK/toolchains/llvm/prebuilt/darwin-x86_64/bin/ld.lld] ==> ignore
    arg [--sysroot=/Applications/Unity/Hub/Editor/2020.3.3f1/6000.5.3f1/PlaybackEngines/AndroidPlayer/NDK/toolchains/llvm/prebuilt/darwin-x86_64/sysroot] ==> ignore
    arg [-EL] ==> ignore
    arg [-znow] ==> ignore
    arg [-zrelro] ==> ignore
    arg [-zmax-page-size=4096] ==> ignore
    arg [-X] ==> ignore
    arg [--hash-style=gnu] ==> ignore
    arg [--eh-frame-hdr] ==> ignore
    arg [-m] ==> ignore
    arg [armelf_linux_eabi] ==> ignore
    arg [-pie] ==> ignore
    arg [-dynamic-linker] ==> ignore
    arg [/system/bin/linker] ==> ignore
    arg [-o] ==> ignore
    arg [cmTC_af937] ==> ignore
    arg [/Applications/Unity/Hub/Editor/2020.3.3f1/6000.5.3f1/PlaybackEngines/AndroidPlayer/NDK/toolchains/llvm/prebuilt/darwin-x86_64/sysroot/usr/lib/arm-linux-androideabi/26/crtbegin_dynamic.o] ==> obj [/Applications/Unity/Hub/Editor/2020.3.3f1/6000.5.3f1/PlaybackEngines/AndroidPlayer/NDK/toolchains/llvm/prebuilt/darwin-x86_64/sysroot/usr/lib/arm-linux-androideabi/26/crtbegin_dynamic.o]
    arg [-L/Applications/Unity/Hub/Editor/2020.3.3f1/6000.5.3f1/PlaybackEngines/AndroidPlayer/NDK/toolchains/llvm/prebuilt/darwin-x86_64/lib/clang/18/lib/linux/arm] ==> dir [/Applications/Unity/Hub/Editor/2020.3.3f1/6000.5.3f1/PlaybackEngines/AndroidPlayer/NDK/toolchains/llvm/prebuilt/darwin-x86_64/lib/clang/18/lib/linux/arm]
    arg [-L/Applications/Unity/Hub/Editor/2020.3.3f1/6000.5.3f1/PlaybackEngines/AndroidPlayer/NDK/toolchains/llvm/prebuilt/darwin-x86_64/sysroot/usr/lib/arm-linux-androideabi/26] ==> dir [/Applications/Unity/Hub/Editor/2020.3.3f1/6000.5.3f1/PlaybackEngines/AndroidPlayer/NDK/toolchains/llvm/prebuilt/darwin-x86_64/sysroot/usr/lib/arm-linux-androideabi/26]
    arg [-L/Applications/Unity/Hub/Editor/2020.3.3f1/6000.5.3f1/PlaybackEngines/AndroidPlayer/NDK/toolchains/llvm/prebuilt/darwin-x86_64/sysroot/usr/lib/arm-linux-androideabi] ==> dir [/Applications/Unity/Hub/Editor/2020.3.3f1/6000.5.3f1/PlaybackEngines/AndroidPlayer/NDK/toolchains/llvm/prebuilt/darwin-x86_64/sysroot/usr/lib/arm-linux-androideabi]
    arg [-L/Applications/Unity/Hub/Editor/2020.3.3f1/6000.5.3f1/PlaybackEngines/AndroidPlayer/NDK/toolchains/llvm/prebuilt/darwin-x86_64/sysroot/usr/lib/../lib] ==> dir [/Applications/Unity/Hub/Editor/2020.3.3f1/6000.5.3f1/PlaybackEngines/AndroidPlayer/NDK/toolchains/llvm/prebuilt/darwin-x86_64/sysroot/usr/lib/../lib]
    arg [-L/Applications/Unity/Hub/Editor/2020.3.3f1/6000.5.3f1/PlaybackEngines/AndroidPlayer/NDK/toolchains/llvm/prebuilt/darwin-x86_64/sysroot/usr/lib] ==> dir [/Applications/Unity/Hub/Editor/2020.3.3f1/6000.5.3f1/PlaybackEngines/AndroidPlayer/NDK/toolchains/llvm/prebuilt/darwin-x86_64/sysroot/usr/lib]
    arg [--build-id=sha1] ==> ignore
    arg [--no-rosegment] ==> ignore
    arg [--no-undefined-version] ==> ignore
    arg [--fatal-warnings] ==> ignore
    arg [--no-undefined] ==> ignore
    arg [CMakeFiles/cmTC_af937.dir/CMakeCCompilerABI.c.o] ==> ignore
    arg [/Applications/Unity/Hub/Editor/2020.3.3f1/6000.5.3f1/PlaybackEngines/AndroidPlayer/NDK/toolchains/llvm/prebuilt/darwin-x86_64/lib/clang/18/lib/linux/libclang_rt.builtins-arm-android.a] ==> lib [/Applications/Unity/Hub/Editor/2020.3.3f1/6000.5.3f1/PlaybackEngines/AndroidPlayer/NDK/toolchains/llvm/prebuilt/darwin-x86_64/lib/clang/18/lib/linux/libclang_rt.builtins-arm-android.a]
    arg [-l:libunwind.a] ==> lib [-l:libunwind.a]
    arg [-ldl] ==> lib [dl]
    arg [-lc] ==> lib [c]
    arg [/Applications/Unity/Hub/Editor/2020.3.3f1/6000.5.3f1/PlaybackEngines/AndroidPlayer/NDK/toolchains/llvm/prebuilt/darwin-x86_64/lib/clang/18/lib/linux/libclang_rt.builtins-arm-android.a] ==> lib [/Applications/Unity/Hub/Editor/2020.3.3f1/6000.5.3f1/PlaybackEngines/AndroidPlayer/NDK/toolchains/llvm/prebuilt/darwin-x86_64/lib/clang/18/lib/linux/libclang_rt.builtins-arm-android.a]
    arg [-l:libunwind.a] ==> lib [-l:libunwind.a]
    arg [-ldl] ==> lib [dl]
    arg [/Applications/Unity/Hub/Editor/2020.3.3f1/6000.5.3f1/PlaybackEngines/AndroidPlayer/NDK/toolchains/llvm/prebuilt/darwin-x86_64/sysroot/usr/lib/arm-linux-androideabi/26/crtend_android.o] ==> obj [/Applications/Unity/Hub/Editor/2020.3.3f1/6000.5.3f1/PlaybackEngines/AndroidPlayer/NDK/toolchains/llvm/prebuilt/darwin-x86_64/sysroot/usr/lib/arm-linux-androideabi/26/crtend_android.o]
  remove lib [/Applications/Unity/Hub/Editor/2020.3.3f1/6000.5.3f1/PlaybackEngines/AndroidPlayer/NDK/toolchains/llvm/prebuilt/darwin-x86_64/lib/clang/18/lib/linux/libclang_rt.builtins-arm-android.a]
  remove lib [/Applications/Unity/Hub/Editor/2020.3.3f1/6000.5.3f1/PlaybackEngines/AndroidPlayer/NDK/toolchains/llvm/prebuilt/darwin-x86_64/lib/clang/18/lib/linux/libclang_rt.builtins-arm-android.a]
  collapse library dir [/Applications/Unity/Hub/Editor/2020.3.3f1/6000.5.3f1/PlaybackEngines/AndroidPlayer/NDK/toolchains/llvm/prebuilt/darwin-x86_64/lib/clang/18/lib/linux/arm] ==> [/Applications/Unity/Hub/Editor/2020.3.3f1/6000.5.3f1/PlaybackEngines/AndroidPlayer/NDK/toolchains/llvm/prebuilt/darwin-x86_64/lib/clang/18/lib/linux/arm]
  collapse library dir [/Applications/Unity/Hub/Editor/2020.3.3f1/6000.5.3f1/PlaybackEngines/AndroidPlayer/NDK/toolchains/llvm/prebuilt/darwin-x86_64/sysroot/usr/lib/arm-linux-androideabi/26] ==> [/Applications/Unity/Hub/Editor/2020.3.3f1/6000.5.3f1/PlaybackEngines/AndroidPlayer/NDK/toolchains/llvm/prebuilt/darwin-x86_64/sysroot/usr/lib/arm-linux-androideabi/26]
  collapse library dir [/Applications/Unity/Hub/Editor/2020.3.3f1/6000.5.3f1/PlaybackEngines/AndroidPlayer/NDK/toolchains/llvm/prebuilt/darwin-x86_64/sysroot/usr/lib/arm-linux-androideabi] ==> [/Applications/Unity/Hub/Editor/2020.3.3f1/6000.5.3f1/PlaybackEngines/AndroidPlayer/NDK/toolchains/llvm/prebuilt/darwin-x86_64/sysroot/usr/lib/arm-linux-androideabi]
  collapse library dir [/Applications/Unity/Hub/Editor/2020.3.3f1/6000.5.3f1/PlaybackEngines/AndroidPlayer/NDK/toolchains/llvm/prebuilt/darwin-x86_64/sysroot/usr/lib/../lib] ==> [/Applications/Unity/Hub/Editor/2020.3.3f1/6000.5.3f1/PlaybackEngines/AndroidPlayer/NDK/toolchains/llvm/prebuilt/darwin-x86_64/sysroot/usr/lib]
  collapse library dir [/Applications/Unity/Hub/Editor/2020.3.3f1/6000.5.3f1/PlaybackEngines/AndroidPlayer/NDK/toolchains/llvm/prebuilt/darwin-x86_64/sysroot/usr/lib] ==> [/Applications/Unity/Hub/Editor/2020.3.3f1/6000.5.3f1/PlaybackEngines/AndroidPlayer/NDK/toolchains/llvm/prebuilt/darwin-x86_64/sysroot/usr/lib]
  implicit libs: [-l:libunwind.a;dl;c;-l:libunwind.a;dl]
  implicit objs: [/Applications/Unity/Hub/Editor/2020.3.3f1/6000.5.3f1/PlaybackEngines/AndroidPlayer/NDK/toolchains/llvm/prebuilt/darwin-x86_64/sysroot/usr/lib/arm-linux-androideabi/26/crtbegin_dynamic.o;/Applications/Unity/Hub/Editor/2020.3.3f1/6000.5.3f1/PlaybackEngines/AndroidPlayer/NDK/toolchains/llvm/prebuilt/darwin-x86_64/sysroot/usr/lib/arm-linux-androideabi/26/crtend_android.o]
  implicit dirs: [/Applications/Unity/Hub/Editor/2020.3.3f1/6000.5.3f1/PlaybackEngines/AndroidPlayer/NDK/toolchains/llvm/prebuilt/darwin-x86_64/lib/clang/18/lib/linux/arm;/Applications/Unity/Hub/Editor/2020.3.3f1/6000.5.3f1/PlaybackEngines/AndroidPlayer/NDK/toolchains/llvm/prebuilt/darwin-x86_64/sysroot/usr/lib/arm-linux-androideabi/26;/Applications/Unity/Hub/Editor/2020.3.3f1/6000.5.3f1/PlaybackEngines/AndroidPlayer/NDK/toolchains/llvm/prebuilt/darwin-x86_64/sysroot/usr/lib/arm-linux-androideabi;/Applications/Unity/Hub/Editor/2020.3.3f1/6000.5.3f1/PlaybackEngines/AndroidPlayer/NDK/toolchains/llvm/prebuilt/darwin-x86_64/sysroot/usr/lib]
  implicit fwks: []


Detecting CXX compiler ABI info compiled with the following output:
Change Dir: /Users/shiny/Documents/GitHub/unity-excavator/DroneRemoteController/.utmp/RelWithDebInfo/43b606j2/armeabi-v7a/CMakeFiles/CMakeTmp

Run Build Command(s):/Applications/Unity/Hub/Editor/2020.3.3f1/6000.5.3f1/PlaybackEngines/AndroidPlayer/SDK/cmake/3.22.1/bin/ninja cmTC_268c5 && [1/2] Building CXX object CMakeFiles/cmTC_268c5.dir/CMakeCXXCompilerABI.cpp.o
Android (12470979, +pgo, -bolt, +lto, -mlgo, based on r522817c) clang version 18.0.3 (https://android.googlesource.com/toolchain/llvm-project d8003a456d14a3deb8054cdaa529ffbf02d9b262)
Target: armv7-none-linux-android26
Thread model: posix
InstalledDir: /Applications/Unity/Hub/Editor/2020.3.3f1/6000.5.3f1/PlaybackEngines/AndroidPlayer/NDK/toolchains/llvm/prebuilt/darwin-x86_64/bin
 (in-process)
 "/Applications/Unity/Hub/Editor/2020.3.3f1/6000.5.3f1/PlaybackEngines/AndroidPlayer/NDK/toolchains/llvm/prebuilt/darwin-x86_64/bin/clang++" -cc1 -triple thumbv7-none-linux-android26 -emit-obj -mrelax-all -disable-free -clear-ast-before-backend -disable-llvm-verifier -discard-value-names -main-file-name CMakeCXXCompilerABI.cpp -mrelocation-model pic -pic-level 2 -pic-is-pie -mframe-pointer=all -ffp-contract=on -fno-rounding-math -mconstructor-aliases -funwind-tables=1 -target-cpu generic -target-feature +soft-float-abi -target-feature +vfp2 -target-feature +vfp2sp -target-feature +vfp3 -target-feature +vfp3d16 -target-feature +vfp3d16sp -target-feature +vfp3sp -target-feature -fp16 -target-feature -vfp4 -target-feature -vfp4d16 -target-feature -vfp4d16sp -target-feature -vfp4sp -target-feature -fp-armv8 -target-feature -fp-armv8d16 -target-feature -fp-armv8d16sp -target-feature -fp-armv8sp -target-feature -fullfp16 -target-feature +fp64 -target-feature +d32 -target-feature +neon -target-feature -sha2 -target-feature -aes -target-feature -fp16fml -target-abi aapcs-linux -mfloat-abi soft -debug-info-kind=constructor -dwarf-version=4 -debugger-tuning=gdb -fdebug-compilation-dir=/Users/shiny/Documents/GitHub/unity-excavator/DroneRemoteController/.utmp/RelWithDebInfo/43b606j2/armeabi-v7a/CMakeFiles/CMakeTmp -v -ffunction-sections -fdata-sections -fcoverage-compilation-dir=/Users/shiny/Documents/GitHub/unity-excavator/DroneRemoteController/.utmp/RelWithDebInfo/43b606j2/armeabi-v7a/CMakeFiles/CMakeTmp -resource-dir /Applications/Unity/Hub/Editor/2020.3.3f1/6000.5.3f1/PlaybackEngines/AndroidPlayer/NDK/toolchains/llvm/prebuilt/darwin-x86_64/lib/clang/18 -dependency-file CMakeFiles/cmTC_268c5.dir/CMakeCXXCompilerABI.cpp.o.d -MT CMakeFiles/cmTC_268c5.dir/CMakeCXXCompilerABI.cpp.o -sys-header-deps -D ANDROID -D __BIONIC_NO_PAGE_SIZE_MACRO -D _FORTIFY_SOURCE=2 -isysroot /Applications/Unity/Hub/Editor/2020.3.3f1/6000.5.3f1/PlaybackEngines/AndroidPlayer/NDK/toolchains/llvm/prebuilt/darwin-x86_64/sysroot -internal-isystem /Applications/Unity/Hub/Editor/2020.3.3f1/6000.5.3f1/PlaybackEngines/AndroidPlayer/NDK/toolchains/llvm/prebuilt/darwin-x86_64/sysroot/usr/include/c++/v1 -internal-isystem /Applications/Unity/Hub/Editor/2020.3.3f1/6000.5.3f1/PlaybackEngines/AndroidPlayer/NDK/toolchains/llvm/prebuilt/darwin-x86_64/lib/clang/18/include -internal-isystem /Applications/Unity/Hub/Editor/2020.3.3f1/6000.5.3f1/PlaybackEngines/AndroidPlayer/NDK/toolchains/llvm/prebuilt/darwin-x86_64/sysroot/usr/local/include -internal-externc-isystem /Applications/Unity/Hub/Editor/2020.3.3f1/6000.5.3f1/PlaybackEngines/AndroidPlayer/NDK/toolchains/llvm/prebuilt/darwin-x86_64/sysroot/usr/include/arm-linux-androideabi -internal-externc-isystem /Applications/Unity/Hub/Editor/2020.3.3f1/6000.5.3f1/PlaybackEngines/AndroidPlayer/NDK/toolchains/llvm/prebuilt/darwin-x86_64/sysroot/include -internal-externc-isystem /Applications/Unity/Hub/Editor/2020.3.3f1/6000.5.3f1/PlaybackEngines/AndroidPlayer/NDK/toolchains/llvm/prebuilt/darwin-x86_64/sysroot/usr/include -Wformat -fdeprecated-macro -ferror-limit 19 -femulated-tls -stack-protector 2 -fno-signed-char -fgnuc-version=4.2.1 -fcxx-exceptions -fexceptions -D__GCC_HAVE_DWARF2_CFI_ASM=1 -o CMakeFiles/cmTC_268c5.dir/CMakeCXXCompilerABI.cpp.o -x c++ /Applications/Unity/Hub/Editor/2020.3.3f1/6000.5.3f1/PlaybackEngines/AndroidPlayer/SDK/cmake/3.22.1/share/cmake-3.22/Modules/CMakeCXXCompilerABI.cpp
clang -cc1 version 18.0.3 based upon LLVM 18.0.3 default target x86_64-apple-darwin25.3.0
ignoring nonexistent directory "/Applications/Unity/Hub/Editor/2020.3.3f1/6000.5.3f1/PlaybackEngines/AndroidPlayer/NDK/toolchains/llvm/prebuilt/darwin-x86_64/sysroot/usr/local/include"
ignoring nonexistent directory "/Applications/Unity/Hub/Editor/2020.3.3f1/6000.5.3f1/PlaybackEngines/AndroidPlayer/NDK/toolchains/llvm/prebuilt/darwin-x86_64/sysroot/include"
#include "..." search starts here:
#include <...> search starts here:
 /Applications/Unity/Hub/Editor/2020.3.3f1/6000.5.3f1/PlaybackEngines/AndroidPlayer/NDK/toolchains/llvm/prebuilt/darwin-x86_64/sysroot/usr/include/c++/v1
 /Applications/Unity/Hub/Editor/2020.3.3f1/6000.5.3f1/PlaybackEngines/AndroidPlayer/NDK/toolchains/llvm/prebuilt/darwin-x86_64/lib/clang/18/include
 /Applications/Unity/Hub/Editor/2020.3.3f1/6000.5.3f1/PlaybackEngines/AndroidPlayer/NDK/toolchains/llvm/prebuilt/darwin-x86_64/sysroot/usr/include/arm-linux-androideabi
 /Applications/Unity/Hub/Editor/2020.3.3f1/6000.5.3f1/PlaybackEngines/AndroidPlayer/NDK/toolchains/llvm/prebuilt/darwin-x86_64/sysroot/usr/include
End of search list.
[2/2] Linking CXX executable cmTC_268c5
Android (12470979, +pgo, -bolt, +lto, -mlgo, based on r522817c) clang version 18.0.3 (https://android.googlesource.com/toolchain/llvm-project d8003a456d14a3deb8054cdaa529ffbf02d9b262)
Target: armv7-none-linux-android26
Thread model: posix
InstalledDir: /Applications/Unity/Hub/Editor/2020.3.3f1/6000.5.3f1/PlaybackEngines/AndroidPlayer/NDK/toolchains/llvm/prebuilt/darwin-x86_64/bin
 "/Applications/Unity/Hub/Editor/2020.3.3f1/6000.5.3f1/PlaybackEngines/AndroidPlayer/NDK/toolchains/llvm/prebuilt/darwin-x86_64/bin/ld.lld" --sysroot=/Applications/Unity/Hub/Editor/2020.3.3f1/6000.5.3f1/PlaybackEngines/AndroidPlayer/NDK/toolchains/llvm/prebuilt/darwin-x86_64/sysroot -EL -z now -z relro -z max-page-size=4096 -X --hash-style=gnu --eh-frame-hdr -m armelf_linux_eabi -pie -dynamic-linker /system/bin/linker -o cmTC_268c5 /Applications/Unity/Hub/Editor/2020.3.3f1/6000.5.3f1/PlaybackEngines/AndroidPlayer/NDK/toolchains/llvm/prebuilt/darwin-x86_64/sysroot/usr/lib/arm-linux-androideabi/26/crtbegin_dynamic.o -L/Applications/Unity/Hub/Editor/2020.3.3f1/6000.5.3f1/PlaybackEngines/AndroidPlayer/NDK/toolchains/llvm/prebuilt/darwin-x86_64/lib/clang/18/lib/linux/arm -L/Applications/Unity/Hub/Editor/2020.3.3f1/6000.5.3f1/PlaybackEngines/AndroidPlayer/NDK/toolchains/llvm/prebuilt/darwin-x86_64/sysroot/usr/lib/arm-linux-androideabi/26 -L/Applications/Unity/Hub/Editor/2020.3.3f1/6000.5.3f1/PlaybackEngines/AndroidPlayer/NDK/toolchains/llvm/prebuilt/darwin-x86_64/sysroot/usr/lib/arm-linux-androideabi -L/Applications/Unity/Hub/Editor/2020.3.3f1/6000.5.3f1/PlaybackEngines/AndroidPlayer/NDK/toolchains/llvm/prebuilt/darwin-x86_64/sysroot/usr/lib/../lib -L/Applications/Unity/Hub/Editor/2020.3.3f1/6000.5.3f1/PlaybackEngines/AndroidPlayer/NDK/toolchains/llvm/prebuilt/darwin-x86_64/sysroot/usr/lib --build-id=sha1 --no-rosegment --no-undefined-version --fatal-warnings --no-undefined CMakeFiles/cmTC_268c5.dir/CMakeCXXCompilerABI.cpp.o -lc++ -lm /Applications/Unity/Hub/Editor/2020.3.3f1/6000.5.3f1/PlaybackEngines/AndroidPlayer/NDK/toolchains/llvm/prebuilt/darwin-x86_64/lib/clang/18/lib/linux/libclang_rt.builtins-arm-android.a -l:libunwind.a -ldl -lc /Applications/Unity/Hub/Editor/2020.3.3f1/6000.5.3f1/PlaybackEngines/AndroidPlayer/NDK/toolchains/llvm/prebuilt/darwin-x86_64/lib/clang/18/lib/linux/libclang_rt.builtins-arm-android.a -l:libunwind.a -ldl /Applications/Unity/Hub/Editor/2020.3.3f1/6000.5.3f1/PlaybackEngines/AndroidPlayer/NDK/toolchains/llvm/prebuilt/darwin-x86_64/sysroot/usr/lib/arm-linux-androideabi/26/crtend_android.o



Parsed CXX implicit include dir info from above output: rv=done
  found start of include info
  found start of implicit include info
    add: [/Applications/Unity/Hub/Editor/2020.3.3f1/6000.5.3f1/PlaybackEngines/AndroidPlayer/NDK/toolchains/llvm/prebuilt/darwin-x86_64/sysroot/usr/include/c++/v1]
    add: [/Applications/Unity/Hub/Editor/2020.3.3f1/6000.5.3f1/PlaybackEngines/AndroidPlayer/NDK/toolchains/llvm/prebuilt/darwin-x86_64/lib/clang/18/include]
    add: [/Applications/Unity/Hub/Editor/2020.3.3f1/6000.5.3f1/PlaybackEngines/AndroidPlayer/NDK/toolchains/llvm/prebuilt/darwin-x86_64/sysroot/usr/include/arm-linux-androideabi]
    add: [/Applications/Unity/Hub/Editor/2020.3.3f1/6000.5.3f1/PlaybackEngines/AndroidPlayer/NDK/toolchains/llvm/prebuilt/darwin-x86_64/sysroot/usr/include]
  end of search list found
  collapse include dir [/Applications/Unity/Hub/Editor/2020.3.3f1/6000.5.3f1/PlaybackEngines/AndroidPlayer/NDK/toolchains/llvm/prebuilt/darwin-x86_64/sysroot/usr/include/c++/v1] ==> [/Applications/Unity/Hub/Editor/2020.3.3f1/6000.5.3f1/PlaybackEngines/AndroidPlayer/NDK/toolchains/llvm/prebuilt/darwin-x86_64/sysroot/usr/include/c++/v1]
  collapse include dir [/Applications/Unity/Hub/Editor/2020.3.3f1/6000.5.3f1/PlaybackEngines/AndroidPlayer/NDK/toolchains/llvm/prebuilt/darwin-x86_64/lib/clang/18/include] ==> [/Applications/Unity/Hub/Editor/2020.3.3f1/6000.5.3f1/PlaybackEngines/AndroidPlayer/NDK/toolchains/llvm/prebuilt/darwin-x86_64/lib/clang/18/include]
  collapse include dir [/Applications/Unity/Hub/Editor/2020.3.3f1/6000.5.3f1/PlaybackEngines/AndroidPlayer/NDK/toolchains/llvm/prebuilt/darwin-x86_64/sysroot/usr/include/arm-linux-androideabi] ==> [/Applications/Unity/Hub/Editor/2020.3.3f1/6000.5.3f1/PlaybackEngines/AndroidPlayer/NDK/toolchains/llvm/prebuilt/darwin-x86_64/sysroot/usr/include/arm-linux-androideabi]
  collapse include dir [/Applications/Unity/Hub/Editor/2020.3.3f1/6000.5.3f1/PlaybackEngines/AndroidPlayer/NDK/toolchains/llvm/prebuilt/darwin-x86_64/sysroot/usr/include] ==> [/Applications/Unity/Hub/Editor/2020.3.3f1/6000.5.3f1/PlaybackEngines/AndroidPlayer/NDK/toolchains/llvm/prebuilt/darwin-x86_64/sysroot/usr/include]
  implicit include dirs: [/Applications/Unity/Hub/Editor/2020.3.3f1/6000.5.3f1/PlaybackEngines/AndroidPlayer/NDK/toolchains/llvm/prebuilt/darwin-x86_64/sysroot/usr/include/c++/v1;/Applications/Unity/Hub/Editor/2020.3.3f1/6000.5.3f1/PlaybackEngines/AndroidPlayer/NDK/toolchains/llvm/prebuilt/darwin-x86_64/lib/clang/18/include;/Applications/Unity/Hub/Editor/2020.3.3f1/6000.5.3f1/PlaybackEngines/AndroidPlayer/NDK/toolchains/llvm/prebuilt/darwin-x86_64/sysroot/usr/include/arm-linux-androideabi;/Applications/Unity/Hub/Editor/2020.3.3f1/6000.5.3f1/PlaybackEngines/AndroidPlayer/NDK/toolchains/llvm/prebuilt/darwin-x86_64/sysroot/usr/include]


Parsed CXX implicit link information from above output:
  link line regex: [^( *|.*[/\])(ld\.lld|CMAKE_LINK_STARTFILE-NOTFOUND|([^/\]+-)?ld|collect2)[^/\]*( |$)]
  ignore line: [Change Dir: /Users/shiny/Documents/GitHub/unity-excavator/DroneRemoteController/.utmp/RelWithDebInfo/43b606j2/armeabi-v7a/CMakeFiles/CMakeTmp]
  ignore line: []
  ignore line: [Run Build Command(s):/Applications/Unity/Hub/Editor/2020.3.3f1/6000.5.3f1/PlaybackEngines/AndroidPlayer/SDK/cmake/3.22.1/bin/ninja cmTC_268c5 && [1/2] Building CXX object CMakeFiles/cmTC_268c5.dir/CMakeCXXCompilerABI.cpp.o]
  ignore line: [Android (12470979  +pgo  -bolt  +lto  -mlgo  based on r522817c) clang version 18.0.3 (https://android.googlesource.com/toolchain/llvm-project d8003a456d14a3deb8054cdaa529ffbf02d9b262)]
  ignore line: [Target: armv7-none-linux-android26]
  ignore line: [Thread model: posix]
  ignore line: [InstalledDir: /Applications/Unity/Hub/Editor/2020.3.3f1/6000.5.3f1/PlaybackEngines/AndroidPlayer/NDK/toolchains/llvm/prebuilt/darwin-x86_64/bin]
  ignore line: [ (in-process)]
  ignore line: [ "/Applications/Unity/Hub/Editor/2020.3.3f1/6000.5.3f1/PlaybackEngines/AndroidPlayer/NDK/toolchains/llvm/prebuilt/darwin-x86_64/bin/clang++" -cc1 -triple thumbv7-none-linux-android26 -emit-obj -mrelax-all -disable-free -clear-ast-before-backend -disable-llvm-verifier -discard-value-names -main-file-name CMakeCXXCompilerABI.cpp -mrelocation-model pic -pic-level 2 -pic-is-pie -mframe-pointer=all -ffp-contract=on -fno-rounding-math -mconstructor-aliases -funwind-tables=1 -target-cpu generic -target-feature +soft-float-abi -target-feature +vfp2 -target-feature +vfp2sp -target-feature +vfp3 -target-feature +vfp3d16 -target-feature +vfp3d16sp -target-feature +vfp3sp -target-feature -fp16 -target-feature -vfp4 -target-feature -vfp4d16 -target-feature -vfp4d16sp -target-feature -vfp4sp -target-feature -fp-armv8 -target-feature -fp-armv8d16 -target-feature -fp-armv8d16sp -target-feature -fp-armv8sp -target-feature -fullfp16 -target-feature +fp64 -target-feature +d32 -target-feature +neon -target-feature -sha2 -target-feature -aes -target-feature -fp16fml -target-abi aapcs-linux -mfloat-abi soft -debug-info-kind=constructor -dwarf-version=4 -debugger-tuning=gdb -fdebug-compilation-dir=/Users/shiny/Documents/GitHub/unity-excavator/DroneRemoteController/.utmp/RelWithDebInfo/43b606j2/armeabi-v7a/CMakeFiles/CMakeTmp -v -ffunction-sections -fdata-sections -fcoverage-compilation-dir=/Users/shiny/Documents/GitHub/unity-excavator/DroneRemoteController/.utmp/RelWithDebInfo/43b606j2/armeabi-v7a/CMakeFiles/CMakeTmp -resource-dir /Applications/Unity/Hub/Editor/2020.3.3f1/6000.5.3f1/PlaybackEngines/AndroidPlayer/NDK/toolchains/llvm/prebuilt/darwin-x86_64/lib/clang/18 -dependency-file CMakeFiles/cmTC_268c5.dir/CMakeCXXCompilerABI.cpp.o.d -MT CMakeFiles/cmTC_268c5.dir/CMakeCXXCompilerABI.cpp.o -sys-header-deps -D ANDROID -D __BIONIC_NO_PAGE_SIZE_MACRO -D _FORTIFY_SOURCE=2 -isysroot /Applications/Unity/Hub/Editor/2020.3.3f1/6000.5.3f1/PlaybackEngines/AndroidPlayer/NDK/toolchains/llvm/prebuilt/darwin-x86_64/sysroot -internal-isystem /Applications/Unity/Hub/Editor/2020.3.3f1/6000.5.3f1/PlaybackEngines/AndroidPlayer/NDK/toolchains/llvm/prebuilt/darwin-x86_64/sysroot/usr/include/c++/v1 -internal-isystem /Applications/Unity/Hub/Editor/2020.3.3f1/6000.5.3f1/PlaybackEngines/AndroidPlayer/NDK/toolchains/llvm/prebuilt/darwin-x86_64/lib/clang/18/include -internal-isystem /Applications/Unity/Hub/Editor/2020.3.3f1/6000.5.3f1/PlaybackEngines/AndroidPlayer/NDK/toolchains/llvm/prebuilt/darwin-x86_64/sysroot/usr/local/include -internal-externc-isystem /Applications/Unity/Hub/Editor/2020.3.3f1/6000.5.3f1/PlaybackEngines/AndroidPlayer/NDK/toolchains/llvm/prebuilt/darwin-x86_64/sysroot/usr/include/arm-linux-androideabi -internal-externc-isystem /Applications/Unity/Hub/Editor/2020.3.3f1/6000.5.3f1/PlaybackEngines/AndroidPlayer/NDK/toolchains/llvm/prebuilt/darwin-x86_64/sysroot/include -internal-externc-isystem /Applications/Unity/Hub/Editor/2020.3.3f1/6000.5.3f1/PlaybackEngines/AndroidPlayer/NDK/toolchains/llvm/prebuilt/darwin-x86_64/sysroot/usr/include -Wformat -fdeprecated-macro -ferror-limit 19 -femulated-tls -stack-protector 2 -fno-signed-char -fgnuc-version=4.2.1 -fcxx-exceptions -fexceptions -D__GCC_HAVE_DWARF2_CFI_ASM=1 -o CMakeFiles/cmTC_268c5.dir/CMakeCXXCompilerABI.cpp.o -x c++ /Applications/Unity/Hub/Editor/2020.3.3f1/6000.5.3f1/PlaybackEngines/AndroidPlayer/SDK/cmake/3.22.1/share/cmake-3.22/Modules/CMakeCXXCompilerABI.cpp]
  ignore line: [clang -cc1 version 18.0.3 based upon LLVM 18.0.3 default target x86_64-apple-darwin25.3.0]
  ignore line: [ignoring nonexistent directory "/Applications/Unity/Hub/Editor/2020.3.3f1/6000.5.3f1/PlaybackEngines/AndroidPlayer/NDK/toolchains/llvm/prebuilt/darwin-x86_64/sysroot/usr/local/include"]
  ignore line: [ignoring nonexistent directory "/Applications/Unity/Hub/Editor/2020.3.3f1/6000.5.3f1/PlaybackEngines/AndroidPlayer/NDK/toolchains/llvm/prebuilt/darwin-x86_64/sysroot/include"]
  ignore line: [#include "..." search starts here:]
  ignore line: [#include <...> search starts here:]
  ignore line: [ /Applications/Unity/Hub/Editor/2020.3.3f1/6000.5.3f1/PlaybackEngines/AndroidPlayer/NDK/toolchains/llvm/prebuilt/darwin-x86_64/sysroot/usr/include/c++/v1]
  ignore line: [ /Applications/Unity/Hub/Editor/2020.3.3f1/6000.5.3f1/PlaybackEngines/AndroidPlayer/NDK/toolchains/llvm/prebuilt/darwin-x86_64/lib/clang/18/include]
  ignore line: [ /Applications/Unity/Hub/Editor/2020.3.3f1/6000.5.3f1/PlaybackEngines/AndroidPlayer/NDK/toolchains/llvm/prebuilt/darwin-x86_64/sysroot/usr/include/arm-linux-androideabi]
  ignore line: [ /Applications/Unity/Hub/Editor/2020.3.3f1/6000.5.3f1/PlaybackEngines/AndroidPlayer/NDK/toolchains/llvm/prebuilt/darwin-x86_64/sysroot/usr/include]
  ignore line: [End of search list.]
  ignore line: [[2/2] Linking CXX executable cmTC_268c5]
  ignore line: [Android (12470979  +pgo  -bolt  +lto  -mlgo  based on r522817c) clang version 18.0.3 (https://android.googlesource.com/toolchain/llvm-project d8003a456d14a3deb8054cdaa529ffbf02d9b262)]
  ignore line: [Target: armv7-none-linux-android26]
  ignore line: [Thread model: posix]
  ignore line: [InstalledDir: /Applications/Unity/Hub/Editor/2020.3.3f1/6000.5.3f1/PlaybackEngines/AndroidPlayer/NDK/toolchains/llvm/prebuilt/darwin-x86_64/bin]
  link line: [ "/Applications/Unity/Hub/Editor/2020.3.3f1/6000.5.3f1/PlaybackEngines/AndroidPlayer/NDK/toolchains/llvm/prebuilt/darwin-x86_64/bin/ld.lld" --sysroot=/Applications/Unity/Hub/Editor/2020.3.3f1/6000.5.3f1/PlaybackEngines/AndroidPlayer/NDK/toolchains/llvm/prebuilt/darwin-x86_64/sysroot -EL -z now -z relro -z max-page-size=4096 -X --hash-style=gnu --eh-frame-hdr -m armelf_linux_eabi -pie -dynamic-linker /system/bin/linker -o cmTC_268c5 /Applications/Unity/Hub/Editor/2020.3.3f1/6000.5.3f1/PlaybackEngines/AndroidPlayer/NDK/toolchains/llvm/prebuilt/darwin-x86_64/sysroot/usr/lib/arm-linux-androideabi/26/crtbegin_dynamic.o -L/Applications/Unity/Hub/Editor/2020.3.3f1/6000.5.3f1/PlaybackEngines/AndroidPlayer/NDK/toolchains/llvm/prebuilt/darwin-x86_64/lib/clang/18/lib/linux/arm -L/Applications/Unity/Hub/Editor/2020.3.3f1/6000.5.3f1/PlaybackEngines/AndroidPlayer/NDK/toolchains/llvm/prebuilt/darwin-x86_64/sysroot/usr/lib/arm-linux-androideabi/26 -L/Applications/Unity/Hub/Editor/2020.3.3f1/6000.5.3f1/PlaybackEngines/AndroidPlayer/NDK/toolchains/llvm/prebuilt/darwin-x86_64/sysroot/usr/lib/arm-linux-androideabi -L/Applications/Unity/Hub/Editor/2020.3.3f1/6000.5.3f1/PlaybackEngines/AndroidPlayer/NDK/toolchains/llvm/prebuilt/darwin-x86_64/sysroot/usr/lib/../lib -L/Applications/Unity/Hub/Editor/2020.3.3f1/6000.5.3f1/PlaybackEngines/AndroidPlayer/NDK/toolchains/llvm/prebuilt/darwin-x86_64/sysroot/usr/lib --build-id=sha1 --no-rosegment --no-undefined-version --fatal-warnings --no-undefined CMakeFiles/cmTC_268c5.dir/CMakeCXXCompilerABI.cpp.o -lc++ -lm /Applications/Unity/Hub/Editor/2020.3.3f1/6000.5.3f1/PlaybackEngines/AndroidPlayer/NDK/toolchains/llvm/prebuilt/darwin-x86_64/lib/clang/18/lib/linux/libclang_rt.builtins-arm-android.a -l:libunwind.a -ldl -lc /Applications/Unity/Hub/Editor/2020.3.3f1/6000.5.3f1/PlaybackEngines/AndroidPlayer/NDK/toolchains/llvm/prebuilt/darwin-x86_64/lib/clang/18/lib/linux/libclang_rt.builtins-arm-android.a -l:libunwind.a -ldl /Applications/Unity/Hub/Editor/2020.3.3f1/6000.5.3f1/PlaybackEngines/AndroidPlayer/NDK/toolchains/llvm/prebuilt/darwin-x86_64/sysroot/usr/lib/arm-linux-androideabi/26/crtend_android.o]
    arg [/Applications/Unity/Hub/Editor/2020.3.3f1/6000.5.3f1/PlaybackEngines/AndroidPlayer/NDK/toolchains/llvm/prebuilt/darwin-x86_64/bin/ld.lld] ==> ignore
    arg [--sysroot=/Applications/Unity/Hub/Editor/2020.3.3f1/6000.5.3f1/PlaybackEngines/AndroidPlayer/NDK/toolchains/llvm/prebuilt/darwin-x86_64/sysroot] ==> ignore
    arg [-EL] ==> ignore
    arg [-znow] ==> ignore
    arg [-zrelro] ==> ignore
    arg [-zmax-page-size=4096] ==> ignore
    arg [-X] ==> ignore
    arg [--hash-style=gnu] ==> ignore
    arg [--eh-frame-hdr] ==> ignore
    arg [-m] ==> ignore
    arg [armelf_linux_eabi] ==> ignore
    arg [-pie] ==> ignore
    arg [-dynamic-linker] ==> ignore
    arg [/system/bin/linker] ==> ignore
    arg [-o] ==> ignore
    arg [cmTC_268c5] ==> ignore
    arg [/Applications/Unity/Hub/Editor/2020.3.3f1/6000.5.3f1/PlaybackEngines/AndroidPlayer/NDK/toolchains/llvm/prebuilt/darwin-x86_64/sysroot/usr/lib/arm-linux-androideabi/26/crtbegin_dynamic.o] ==> obj [/Applications/Unity/Hub/Editor/2020.3.3f1/6000.5.3f1/PlaybackEngines/AndroidPlayer/NDK/toolchains/llvm/prebuilt/darwin-x86_64/sysroot/usr/lib/arm-linux-androideabi/26/crtbegin_dynamic.o]
    arg [-L/Applications/Unity/Hub/Editor/2020.3.3f1/6000.5.3f1/PlaybackEngines/AndroidPlayer/NDK/toolchains/llvm/prebuilt/darwin-x86_64/lib/clang/18/lib/linux/arm] ==> dir [/Applications/Unity/Hub/Editor/2020.3.3f1/6000.5.3f1/PlaybackEngines/AndroidPlayer/NDK/toolchains/llvm/prebuilt/darwin-x86_64/lib/clang/18/lib/linux/arm]
    arg [-L/Applications/Unity/Hub/Editor/2020.3.3f1/6000.5.3f1/PlaybackEngines/AndroidPlayer/NDK/toolchains/llvm/prebuilt/darwin-x86_64/sysroot/usr/lib/arm-linux-androideabi/26] ==> dir [/Applications/Unity/Hub/Editor/2020.3.3f1/6000.5.3f1/PlaybackEngines/AndroidPlayer/NDK/toolchains/llvm/prebuilt/darwin-x86_64/sysroot/usr/lib/arm-linux-androideabi/26]
    arg [-L/Applications/Unity/Hub/Editor/2020.3.3f1/6000.5.3f1/PlaybackEngines/AndroidPlayer/NDK/toolchains/llvm/prebuilt/darwin-x86_64/sysroot/usr/lib/arm-linux-androideabi] ==> dir [/Applications/Unity/Hub/Editor/2020.3.3f1/6000.5.3f1/PlaybackEngines/AndroidPlayer/NDK/toolchains/llvm/prebuilt/darwin-x86_64/sysroot/usr/lib/arm-linux-androideabi]
    arg [-L/Applications/Unity/Hub/Editor/2020.3.3f1/6000.5.3f1/PlaybackEngines/AndroidPlayer/NDK/toolchains/llvm/prebuilt/darwin-x86_64/sysroot/usr/lib/../lib] ==> dir [/Applications/Unity/Hub/Editor/2020.3.3f1/6000.5.3f1/PlaybackEngines/AndroidPlayer/NDK/toolchains/llvm/prebuilt/darwin-x86_64/sysroot/usr/lib/../lib]
    arg [-L/Applications/Unity/Hub/Editor/2020.3.3f1/6000.5.3f1/PlaybackEngines/AndroidPlayer/NDK/toolchains/llvm/prebuilt/darwin-x86_64/sysroot/usr/lib] ==> dir [/Applications/Unity/Hub/Editor/2020.3.3f1/6000.5.3f1/PlaybackEngines/AndroidPlayer/NDK/toolchains/llvm/prebuilt/darwin-x86_64/sysroot/usr/lib]
    arg [--build-id=sha1] ==> ignore
    arg [--no-rosegment] ==> ignore
    arg [--no-undefined-version] ==> ignore
    arg [--fatal-warnings] ==> ignore
    arg [--no-undefined] ==> ignore
    arg [CMakeFiles/cmTC_268c5.dir/CMakeCXXCompilerABI.cpp.o] ==> ignore
    arg [-lc++] ==> lib [c++]
    arg [-lm] ==> lib [m]
    arg [/Applications/Unity/Hub/Editor/2020.3.3f1/6000.5.3f1/PlaybackEngines/AndroidPlayer/NDK/toolchains/llvm/prebuilt/darwin-x86_64/lib/clang/18/lib/linux/libclang_rt.builtins-arm-android.a] ==> lib [/Applications/Unity/Hub/Editor/2020.3.3f1/6000.5.3f1/PlaybackEngines/AndroidPlayer/NDK/toolchains/llvm/prebuilt/darwin-x86_64/lib/clang/18/lib/linux/libclang_rt.builtins-arm-android.a]
    arg [-l:libunwind.a] ==> lib [-l:libunwind.a]
    arg [-ldl] ==> lib [dl]
    arg [-lc] ==> lib [c]
    arg [/Applications/Unity/Hub/Editor/2020.3.3f1/6000.5.3f1/PlaybackEngines/AndroidPlayer/NDK/toolchains/llvm/prebuilt/darwin-x86_64/lib/clang/18/lib/linux/libclang_rt.builtins-arm-android.a] ==> lib [/Applications/Unity/Hub/Editor/2020.3.3f1/6000.5.3f1/PlaybackEngines/AndroidPlayer/NDK/toolchains/llvm/prebuilt/darwin-x86_64/lib/clang/18/lib/linux/libclang_rt.builtins-arm-android.a]
    arg [-l:libunwind.a] ==> lib [-l:libunwind.a]
    arg [-ldl] ==> lib [dl]
    arg [/Applications/Unity/Hub/Editor/2020.3.3f1/6000.5.3f1/PlaybackEngines/AndroidPlayer/NDK/toolchains/llvm/prebuilt/darwin-x86_64/sysroot/usr/lib/arm-linux-androideabi/26/crtend_android.o] ==> obj [/Applications/Unity/Hub/Editor/2020.3.3f1/6000.5.3f1/PlaybackEngines/AndroidPlayer/NDK/toolchains/llvm/prebuilt/darwin-x86_64/sysroot/usr/lib/arm-linux-androideabi/26/crtend_android.o]
  remove lib [/Applications/Unity/Hub/Editor/2020.3.3f1/6000.5.3f1/PlaybackEngines/AndroidPlayer/NDK/toolchains/llvm/prebuilt/darwin-x86_64/lib/clang/18/lib/linux/libclang_rt.builtins-arm-android.a]
  remove lib [/Applications/Unity/Hub/Editor/2020.3.3f1/6000.5.3f1/PlaybackEngines/AndroidPlayer/NDK/toolchains/llvm/prebuilt/darwin-x86_64/lib/clang/18/lib/linux/libclang_rt.builtins-arm-android.a]
  collapse library dir [/Applications/Unity/Hub/Editor/2020.3.3f1/6000.5.3f1/PlaybackEngines/AndroidPlayer/NDK/toolchains/llvm/prebuilt/darwin-x86_64/lib/clang/18/lib/linux/arm] ==> [/Applications/Unity/Hub/Editor/2020.3.3f1/6000.5.3f1/PlaybackEngines/AndroidPlayer/NDK/toolchains/llvm/prebuilt/darwin-x86_64/lib/clang/18/lib/linux/arm]
  collapse library dir [/Applications/Unity/Hub/Editor/2020.3.3f1/6000.5.3f1/PlaybackEngines/AndroidPlayer/NDK/toolchains/llvm/prebuilt/darwin-x86_64/sysroot/usr/lib/arm-linux-androideabi/26] ==> [/Applications/Unity/Hub/Editor/2020.3.3f1/6000.5.3f1/PlaybackEngines/AndroidPlayer/NDK/toolchains/llvm/prebuilt/darwin-x86_64/sysroot/usr/lib/arm-linux-androideabi/26]
  collapse library dir [/Applications/Unity/Hub/Editor/2020.3.3f1/6000.5.3f1/PlaybackEngines/AndroidPlayer/NDK/toolchains/llvm/prebuilt/darwin-x86_64/sysroot/usr/lib/arm-linux-androideabi] ==> [/Applications/Unity/Hub/Editor/2020.3.3f1/6000.5.3f1/PlaybackEngines/AndroidPlayer/NDK/toolchains/llvm/prebuilt/darwin-x86_64/sysroot/usr/lib/arm-linux-androideabi]
  collapse library dir [/Applications/Unity/Hub/Editor/2020.3.3f1/6000.5.3f1/PlaybackEngines/AndroidPlayer/NDK/toolchains/llvm/prebuilt/darwin-x86_64/sysroot/usr/lib/../lib] ==> [/Applications/Unity/Hub/Editor/2020.3.3f1/6000.5.3f1/PlaybackEngines/AndroidPlayer/NDK/toolchains/llvm/prebuilt/darwin-x86_64/sysroot/usr/lib]
  collapse library dir [/Applications/Unity/Hub/Editor/2020.3.3f1/6000.5.3f1/PlaybackEngines/AndroidPlayer/NDK/toolchains/llvm/prebuilt/darwin-x86_64/sysroot/usr/lib] ==> [/Applications/Unity/Hub/Editor/2020.3.3f1/6000.5.3f1/PlaybackEngines/AndroidPlayer/NDK/toolchains/llvm/prebuilt/darwin-x86_64/sysroot/usr/lib]
  implicit libs: [c++;m;-l:libunwind.a;dl;c;-l:libunwind.a;dl]
  implicit objs: [/Applications/Unity/Hub/Editor/2020.3.3f1/6000.5.3f1/PlaybackEngines/AndroidPlayer/NDK/toolchains/llvm/prebuilt/darwin-x86_64/sysroot/usr/lib/arm-linux-androideabi/26/crtbegin_dynamic.o;/Applications/Unity/Hub/Editor/2020.3.3f1/6000.5.3f1/PlaybackEngines/AndroidPlayer/NDK/toolchains/llvm/prebuilt/darwin-x86_64/sysroot/usr/lib/arm-linux-androideabi/26/crtend_android.o]
  implicit dirs: [/Applications/Unity/Hub/Editor/2020.3.3f1/6000.5.3f1/PlaybackEngines/AndroidPlayer/NDK/toolchains/llvm/prebuilt/darwin-x86_64/lib/clang/18/lib/linux/arm;/Applications/Unity/Hub/Editor/2020.3.3f1/6000.5.3f1/PlaybackEngines/AndroidPlayer/NDK/toolchains/llvm/prebuilt/darwin-x86_64/sysroot/usr/lib/arm-linux-androideabi/26;/Applications/Unity/Hub/Editor/2020.3.3f1/6000.5.3f1/PlaybackEngines/AndroidPlayer/NDK/toolchains/llvm/prebuilt/darwin-x86_64/sysroot/usr/lib/arm-linux-androideabi;/Applications/Unity/Hub/Editor/2020.3.3f1/6000.5.3f1/PlaybackEngines/AndroidPlayer/NDK/toolchains/llvm/prebuilt/darwin-x86_64/sysroot/usr/lib]
  implicit fwks: []


